Version: nightly
Build Time: 2026.06.07
Platform: windows (amd64)
OpenGL 3.3
RAM in Use: 139 MB / OS Reserved: 210 MB
Active Goroutines: 4
Timestamp: 2026-06-22 20:14:54

Engine error

Error: runtime error: invalid memory address or nil pointer dereference
goroutine 1 [running, locked to thread]:
github.com/yuin/gopher-lua.(*LState).PCall.func1()
	github.com/yuin/gopher-lua@v1.1.0/state.go:1988 +0x212
panic({0x7ff72b50e960, 0x7ff72b455a40})
	runtime/panic.go:884 +0x213
main.(*FightScreenWinIcon).clear(...)
	github.com/ikemen-engine/Ikemen-GO/src/fightscreen.go:2169
main.systemScriptInit.func78(0xc00013d340)
	github.com/ikemen-engine/Ikemen-GO/src/script.go:2953 +0x329
github.com/yuin/gopher-lua.callGFunction(0xc00013d340, 0x0)
	github.com/yuin/gopher-lua@v1.1.0/vm.go:202 +0x37
github.com/yuin/gopher-lua.init.3.func26(0xc00013d340, 0x34080000?, 0xc0004c6000?)
	github.com/yuin/gopher-lua@v1.1.0/vm.go:821 +0x379
github.com/yuin/gopher-lua.mainLoop(0xc00013d340, 0xc0008e7e80?)
	github.com/yuin/gopher-lua@v1.1.0/vm.go:31 +0xfa
github.com/yuin/gopher-lua.(*LState).callR(0xc00013d340, 0x0, 0xffffffffffffffff, 0xc00000a790?)
	github.com/yuin/gopher-lua@v1.1.0/state.go:1211 +0x1b4
github.com/yuin/gopher-lua.(*LState).Call(...)
	github.com/yuin/gopher-lua@v1.1.0/state.go:1967
github.com/yuin/gopher-lua.(*LState).PCall(0xc00013d340, 0x0, 0xc0008e7e80?, 0x0)
	github.com/yuin/gopher-lua@v1.1.0/state.go:2030 +0x145
github.com/yuin/gopher-lua.(*LState).DoFile(0xc00013d340, {0xc0002939c1?, 0x0?})
	github.com/yuin/gopher-lua@v1.1.0/auxlib.go:396 +0x6b
main.realMain()
	github.com/ikemen-engine/Ikemen-GO/src/main.go:201 +0x4ec
main.main()
	github.com/ikemen-engine/Ikemen-GO/src/main.go:59 +0x17

stack traceback:
	[G]: in function 'game'
	external/script/main.lua:3230: in function 'f'
	external/script/main.lua:2438: in function 'loop'
	external/script/main.lua:3757: in main chunk
	[G]: ?

Go stack traceback:
goroutine 1 [running, locked to thread]:
runtime/debug.Stack()
	runtime/debug/stack.go:24 +0x65
main.handlePanic({0x7ff72b4fe4a0?, 0xc007506ac0})
	github.com/ikemen-engine/Ikemen-GO/src/main.go:362 +0x3e5
main.realMain.func1()
	github.com/ikemen-engine/Ikemen-GO/src/main.go:66 +0x2a
panic({0x7ff72b4fe4a0, 0xc007506ac0})
	runtime/panic.go:884 +0x213
main.realMain()
	github.com/ikemen-engine/Ikemen-GO/src/main.go:206 +0x573
main.main()
	github.com/ikemen-engine/Ikemen-GO/src/main.go:59 +0x17
