Version: nightly
Build Time: 2026.06.07
Platform: windows (amd64)
OpenGL 3.3
RAM in Use: 110 MB / OS Reserved: 228 MB
Active Goroutines: 4
Timestamp: 2026-06-13 08:33:25

Engine error

Error: .\external\script\start.lua:1682: Error executing Lua code: external/script/inputdisplay_common.lua
<string> line:1(column:9) near '/':   parse error

stack traceback:
	[G]: in function 'game'
	.\external\script\start.lua:1682: in function 'f_game'
	.\external\script\start.lua:2260: in function 'launchFight'
	external/script/default.lua:2: in function <external/script/default.lua:0>
	.\external\script\start.lua:1738: in function 'f'
	external/script/main.lua:2438: in function 'loop'
	external/script/main.lua:3757: in main chunk
	[G]: ?

Go stack traceback:
goroutine 1 [running, locked to thread]:
runtime/debug.Stack()
	runtime/debug/stack.go:24 +0x65
main.handlePanic({0x7ff68d68e4a0?, 0xc007132880})
	github.com/ikemen-engine/Ikemen-GO/src/main.go:362 +0x3e5
main.realMain.func1()
	github.com/ikemen-engine/Ikemen-GO/src/main.go:66 +0x2a
panic({0x7ff68d68e4a0, 0xc007132880})
	runtime/panic.go:884 +0x213
main.realMain()
	github.com/ikemen-engine/Ikemen-GO/src/main.go:206 +0x573
main.main()
	github.com/ikemen-engine/Ikemen-GO/src/main.go:59 +0x17
