Version: nightly
Build Time: 2026.06.07
Platform: windows (amd64)
OpenGL 3.3
RAM in Use: 132 MB / OS Reserved: 702 MB
Active Goroutines: 3
Timestamp: 2026-06-18 13:22:04

Engine error

Error: runtime error: invalid memory address or nil pointer dereference
goroutine 1 [running, locked to thread]:
github.com/yuin/gopher-lua.(*LState).PCall.func1()
	github.com/yuin/gopher-lua@v1.1.0/state.go:1988 +0x212
panic({0x1407de960, 0x140725a40})
	runtime/panic.go:884 +0x213
main.(*LifeBar).reset(0x14072f790?)
	github.com/ikemen-engine/Ikemen-GO/src/fightscreen.go:631 +0x26
main.(*FightScreen).reset(0x14072f790)
	github.com/ikemen-engine/Ikemen-GO/src/fightscreen.go:5456 +0xb17
main.(*System).resetRound(0x14072ed60)
	github.com/ikemen-engine/Ikemen-GO/src/system.go:2252 +0xa8
main.(*System).runMatch(0x14072ed60)
	github.com/ikemen-engine/Ikemen-GO/src/system.go:3688 +0x22a
main.systemScriptInit.func78.2()
	github.com/ikemen-engine/Ikemen-GO/src/script.go:3026 +0x465
main.systemScriptInit.func78(0xc0000e2d10)
	github.com/ikemen-engine/Ikemen-GO/src/script.go:3081 +0x37d
github.com/yuin/gopher-lua.callGFunction(0xc0000e2d10, 0x0)
	github.com/yuin/gopher-lua@v1.1.0/vm.go:202 +0x37
github.com/yuin/gopher-lua.init.3.func26(0xc0000e2d10, 0x60100c04?, 0xc00027e000?)
	github.com/yuin/gopher-lua@v1.1.0/vm.go:821 +0x379
github.com/yuin/gopher-lua.mainLoop(0xc0000e2d10, 0xc0006f0080?)
	github.com/yuin/gopher-lua@v1.1.0/vm.go:31 +0xfa
github.com/yuin/gopher-lua.(*LState).callR(0xc0000e2d10, 0x0, 0xffffffffffffffff, 0xc0000d2788?)
	github.com/yuin/gopher-lua@v1.1.0/state.go:1211 +0x1b4
github.com/yuin/gopher-lua.(*LState).Call(...)
	github.com/yuin/gopher-lua@v1.1.0/state.go:1967
github.com/yuin/gopher-lua.(*LState).PCall(0xc0000e2d10, 0x0, 0xc0006f0080?, 0x0)
	github.com/yuin/gopher-lua@v1.1.0/state.go:2030 +0x145
github.com/yuin/gopher-lua.(*LState).DoFile(0xc0000e2d10, {0xc000259e21?, 0x0?})
	github.com/yuin/gopher-lua@v1.1.0/auxlib.go:396 +0x6b
main.realMain()
	github.com/ikemen-engine/Ikemen-GO/src/main.go:201 +0x4ec
main.main()
	github.com/ikemen-engine/Ikemen-GO/src/main.go:59 +0x17

stack traceback:
	[G]: in function 'game'
	.\external\script\start.lua:1682: in function 'f_game'
	.\external\script\start.lua:2260: in function 'launchFight'
	external/script/default.lua:2: in function <external/script/default.lua:0>
	.\external\script\start.lua:1738: in function 'f'
	external/script/main.lua:2438: in function 'loop'
	external/script/main.lua:2535: in function 'loop'
	external/script/main.lua:3757: in main chunk
	[G]: ?

Go stack traceback:
goroutine 1 [running, locked to thread]:
runtime/debug.Stack()
	runtime/debug/stack.go:24 +0x65
main.handlePanic({0x1407ce4a0?, 0xc005670000})
	github.com/ikemen-engine/Ikemen-GO/src/main.go:362 +0x3e5
main.realMain.func1()
	github.com/ikemen-engine/Ikemen-GO/src/main.go:66 +0x2a
panic({0x1407ce4a0, 0xc005670000})
	runtime/panic.go:884 +0x213
main.realMain()
	github.com/ikemen-engine/Ikemen-GO/src/main.go:206 +0x573
main.main()
	github.com/ikemen-engine/Ikemen-GO/src/main.go:59 +0x17
