Version: nightly
Build Time: 2026.06.07
Platform: windows (amd64)
OpenGL 3.3
RAM in Use: 76 MB / OS Reserved: 119 MB
Active Goroutines: 2
Timestamp: 2026-06-22 22:43:18

Engine error

Error: Cannot open air file for character Thanos: chars/Thanos/Thanos.def:
ANIMATIONS/Thanos.air
open ANIMATIONS/Thanos.air: The system cannot find the path specified.
goroutine 1 [running, locked to thread]:
github.com/yuin/gopher-lua.(*LState).PCall.func1()
	github.com/yuin/gopher-lua@v1.1.0/state.go:1988 +0x212
panic({0x7ff72b4e8360, 0xc0059b6450})
	runtime/panic.go:884 +0x213
main.(*Select).AddChar(0x7ff72b473388, {0xc00485fa59, 0x6})
	github.com/ikemen-engine/Ikemen-GO/src/system.go:4639 +0x25c5
main.systemScriptInit.func1(0xc0000e2dc0)
	github.com/ikemen-engine/Ikemen-GO/src/script.go:977 +0x39
github.com/yuin/gopher-lua.callGFunction(0xc0000e2dc0, 0x0)
	github.com/yuin/gopher-lua@v1.1.0/vm.go:202 +0x37
github.com/yuin/gopher-lua.init.3.func26(0xc0000e2dc0, 0x90200400?, 0xc000150000?)
	github.com/yuin/gopher-lua@v1.1.0/vm.go:821 +0x379
github.com/yuin/gopher-lua.mainLoop(0xc0000e2dc0, 0xc000a5ebc0?)
	github.com/yuin/gopher-lua@v1.1.0/vm.go:31 +0xfa
github.com/yuin/gopher-lua.(*LState).callR(0xc0000e2dc0, 0x0, 0xffffffffffffffff, 0xc0000d28d0?)
	github.com/yuin/gopher-lua@v1.1.0/state.go:1211 +0x1b4
github.com/yuin/gopher-lua.(*LState).Call(...)
	github.com/yuin/gopher-lua@v1.1.0/state.go:1967
github.com/yuin/gopher-lua.(*LState).PCall(0xc0000e2dc0, 0x0, 0xc000a5ebc0?, 0x0)
	github.com/yuin/gopher-lua@v1.1.0/state.go:2030 +0x145
github.com/yuin/gopher-lua.(*LState).DoFile(0xc0000e2dc0, {0xc000250601?, 0x0?})
	github.com/yuin/gopher-lua@v1.1.0/auxlib.go:396 +0x6b
main.realMain()
	github.com/ikemen-engine/Ikemen-GO/src/main.go:201 +0x4ec
main.main()
	github.com/ikemen-engine/Ikemen-GO/src/main.go:59 +0x17

stack traceback:
	[G]: in function 'addChar'
	external/script/main.lua:1037: in function 'f_addChar'
	external/script/main.lua:1351: in main chunk
	[G]: ?

Go stack traceback:
goroutine 1 [running, locked to thread]:
runtime/debug.Stack()
	runtime/debug/stack.go:24 +0x65
main.handlePanic({0x7ff72b4fe4a0?, 0xc005284e00})
	github.com/ikemen-engine/Ikemen-GO/src/main.go:362 +0x3e5
main.realMain.func1()
	github.com/ikemen-engine/Ikemen-GO/src/main.go:66 +0x2a
panic({0x7ff72b4fe4a0, 0xc005284e00})
	runtime/panic.go:884 +0x213
main.realMain()
	github.com/ikemen-engine/Ikemen-GO/src/main.go:206 +0x573
main.main()
	github.com/ikemen-engine/Ikemen-GO/src/main.go:59 +0x17
