---------------------------------------------------
M.U.G.E.N ver 1.1.0 Beta 1 P1 (2013.08.11) status log
---------------------------------------------------
Parsing command line...
Command line: D:\개인폴더\게임\MUGEN\MUGENGERS 3 HD by Duralminn\MUGENGERS 3.exe
Parse command line OK
Initializing...
Allocating game variables
Reading configuration file...Setting language "en".
OK
Initializing timer...performance timer enabled...frequency 2648440...OK
Initializing keyboard...configuring...OK
Initializing input engine...OK
Initializing sound...OK
Initializing BGM...  OK
Initializing graphics...gameCoord 1280x720...render mode 2_20...trying 1280x720x32 mode 0x0...success...OK
Setting callbacks...OK
Initializing font...OK
Initializing game variables...OK
Session RNG seed is 1489144085
Loading system fonts...OK
Loading options...
Initializing pads...failed
Reinitializing input engine...OK
Remapping keys...OK
Reinitializing input engine...OK
Options loaded OK
Loading system...
  Load system file system.def...OK
  Load system spr...OK
  Load system snd...OK
  Load system fonts...OK
  Load system anim...OK
  Load [Title Info]...OK
  Load [Option Info]...OK
  Load [Select Info]...OK
  Load [VS Screen]...OK
  Load [Victory Screen]...OK
  Load [Demo Mode]...OK
  Load [Continue Screen]...OK
  Load [Game Over Screen]...OK
  Load [Win Screen]...OK
  Load [Survival Results Screen]...OK
  Load [Default Ending]...OK
  Load [End Credits]...OK
  Load TitleBG...VersusBG...VictoryBG...SelectBG...OptionBG...OK
  Loading fight data
    Opening fight data file data/M3 Fight/fight.def...OK
    Reading [Files]...OK
    Loading fonts...OK
    Load fight anim...OK
    Reading [Lifebar]...[Turns Lifebar]...[Simul Lifebar]...[Powerbar]...
    [Face]...[Simul Face]...[Turns Face]...
    [Name]...[Simul Name]...[Turns Name]...
    [Time]...[Combo]...[Round]...[WinIcon]...OK
    Allocating explods...OK
  Fight data loaded OK
Lua initing
Lua init complete
System loaded OK
Initialize OK
Set up graphics...timer...OK

Entering gameflow loop
Gameflow 0
Gameflow 1
Playing storyboard Logo.def: scene
Unloading match assets
Freeing players
Game loop init
Game loop deinit
Finished playing storyboard Logo.def: scene
Gameflow 2
Initializing character info...OK
Initializing select screen...finding characters...
  Error reading character file: chars/No character here!/No character here!.def

  Error reading character file: chars/No character here!/No character here!.def

  Error reading character file: chars/No character here!/No character here!.def

  Error reading character file: chars/No character here!/No character here!.def
OK
Gameflow 3
Playing storyboard M3 Intro/Intro.def: scene
Unloading match assets
Freeing players
Game loop init
Game loop deinit
Finished playing storyboard M3 Intro/Intro.def: scene
Gameflow 4
Entering mode select.
Unloading match assets
Freeing players
Game loop init
Mode select init
End of mode select loop
Game loop deinit
Gameflow 6
Reset persist vars team 0
Reset persist vars team 1
Char Orochi_Kyo.def (9) request pal 4 1 (1) -> reserved 0 (0)
Char Orochi_Kyo.def (5) request pal 1 1 (1) -> reserved 0 (0)
Gameflow 8
Gameflow 9
Gameflow 10
Gameflow 11
Loading match assets...
Loading stage...
  Loading BG...OK
Stage loaded OK
  Allocating helpers...OK
Match RNG seed: 379865402
Reset persist vars team 0
Reset persist vars team 1
Loading character chars/Orochi_Kyo/Orochi_Kyo.def...
  Loading info...Info: Orochi Kyo loading in pre-1.0 compatible mode
OK
  Loading cmd command set OrochiKyo.txt...OK
  Loading cns OrochiKyo.cns...OK
  Loading cns OrochiKyo-S.cns...OK
  Loading cns OrochiKyo-H.cns...OK
  Loading cns OrochiKyo-2-3.cns...OK
  Loading cmd state entry OrochiKyo.txt...OK
  Loading common states common.st...OK
  Loading sff OrochiKyo.sff...OK
  Loading anim OrochiKyo.air...OK
  Loading snd OrochiKyo.snd...OK
  Loading pals...OK
  19943 expressions (5707 on trigger lines)
Character Orochi_Kyo.def loaded OK
New char Orochi Kyo_MA loaded into cache: (1/6 cached) Load time: 2250.000ms
Loading character chars/Orochi_Kyo/Orochi_Kyo.def...
  Loading info...Info: Orochi Kyo loading in pre-1.0 compatible mode
OK
  Loading cmd command set OrochiKyo.txt...OK
  Loading cns OrochiKyo.cns...OK
  Loading cns OrochiKyo-S.cns...OK
  Loading cns OrochiKyo-H.cns...OK
  Loading cns OrochiKyo-2-3.cns...OK
  Loading cmd state entry OrochiKyo.txt...OK
  Loading common states common.st...OK
  Loading sff OrochiKyo.sff...OK
  Loading anim OrochiKyo.air...OK
  Loading snd OrochiKyo.snd...OK
  Loading pals...OK
  19943 expressions (5707 on trigger lines)
Character Orochi_Kyo.def loaded OK
New char Orochi Kyo_MA loaded into cache: (2/6 cached) Load time: 1580.000ms
Resetting round
Match assets initialized OK
Game loop init
Match loop init
End of match loop
Total time: 38.40s
Total frames: 2305 	Skipped frames: 0
Avg game rate: 60.03
Avg frame rate: 60.03

Finishing match
Freeing players
Save persist vars P56 Orochi Kyo_MA
Player Orochi Kyo_MA cache count reduced: 0
Save persist vars P57 Orochi Kyo_MA
Player Orochi Kyo_MA cache count reduced: 0
Match RNG closed
Game loop deinit
Gameflow 3
Gameflow 4
Entering mode select.
Unloading match assets
Freeing players
Unloading stage...OK
Game loop init
Mode select init
End of mode select loop
Game loop deinit
Gameflow 6
Reset persist vars team 0
Reset persist vars team 1
Char Orochi_Kyo.def (11) request pal 3 1 (1) -> reserved 0 (0)
Char Orochi_Kyo.def (11) request pal 10 1 (0) -> reserved 0 (0)
Gameflow 8
Gameflow 9
Gameflow 10
Gameflow 11
Loading match assets...
Loading stage...
  Loading BG...OK
Stage loaded OK
  Allocating helpers...OK
Match RNG seed: 251585780
Reset persist vars team 0
Reset persist vars team 1
Loading character chars/Orochi_Kyo/Orochi_Kyo.def...
  Loading info...Info: Orochi Kyo loading in pre-1.0 compatible mode
OK
  Loading cmd command set OrochiKyo.txt...OK
  Loading cns OrochiKyo.cns...OK
  Loading cns OrochiKyo-S.cns...OK
  Loading cns OrochiKyo-H.cns...OK
  Loading cns OrochiKyo-2-3.cns...OK
  Loading cmd state entry OrochiKyo.txt...OK
  Loading common states common.st...OK
  Loading sff OrochiKyo.sff...OK
  Loading anim OrochiKyo.air...OK
  Loading snd OrochiKyo.snd...OK
  Loading pals...OK
  19943 expressions (5707 on trigger lines)
Character Orochi_Kyo.def loaded OK
New char Orochi Kyo_MA loaded into cache: (3/6 cached) Load time: 1910.000ms
Player Orochi Kyo_MA cache count increased: 2
Resetting round
Match assets initialized OK
Game loop init
Match loop init
End of match loop
Total time: 38.40s
Total frames: 2305 	Skipped frames: 0
Avg game rate: 60.03
Avg frame rate: 60.03

Finishing match
Freeing players
Save persist vars P56 Orochi Kyo_MA
Player Orochi Kyo_MA cache count reduced: 1
Save persist vars P57 Orochi Kyo_MA
Player Orochi Kyo_MA cache count reduced: 0
Match RNG closed
Game loop deinit
Gameflow 3
Playing storyboard M3 Intro/Intro.def: scene
Unloading match assets
Freeing players
Unloading stage...OK
Game loop init
Game loop deinit
Finished playing storyboard M3 Intro/Intro.def: scene
Gameflow 4
Entering mode select.
Unloading match assets
Freeing players
Game loop init
Mode select init
End of mode select loop
Game loop deinit
Gameflow 6
Reset persist vars team 0
Reset persist vars team 1
Char Orochi_Kyo.def (6) request pal 7 1 (1) -> reserved 0 (0)
Char Orochi_Kyo.def (0) request pal 4 1 (1) -> reserved 0 (0)
Gameflow 8
Gameflow 9
Gameflow 10
Gameflow 11
Loading match assets...
Loading stage...
  Loading BG...OK
Stage loaded OK
  Allocating helpers...OK
Match RNG seed: 991189890
Reset persist vars team 0
Reset persist vars team 1
Loading character chars/Orochi_Kyo/Orochi_Kyo.def...
  Loading info...Info: Orochi Kyo loading in pre-1.0 compatible mode
OK
  Loading cmd command set OrochiKyo.txt...OK
  Loading cns OrochiKyo.cns...OK
  Loading cns OrochiKyo-S.cns...OK
  Loading cns OrochiKyo-H.cns...OK
  Loading cns OrochiKyo-2-3.cns...OK
  Loading cmd state entry OrochiKyo.txt...OK
  Loading common states common.st...OK
  Loading sff OrochiKyo.sff...OK
  Loading anim OrochiKyo.air...OK
  Loading snd OrochiKyo.snd...OK
  Loading pals...OK
  19943 expressions (5707 on trigger lines)
Character Orochi_Kyo.def loaded OK
New char Orochi Kyo_MA loaded into cache: (4/6 cached) Load time: 1190.000ms
Loading character chars/Orochi_Kyo/Orochi_Kyo.def...
  Loading info...Info: Orochi Kyo loading in pre-1.0 compatible mode
OK
  Loading cmd command set OrochiKyo.txt...OK
  Loading cns OrochiKyo.cns...OK
  Loading cns OrochiKyo-S.cns...OK
  Loading cns OrochiKyo-H.cns...OK
  Loading cns OrochiKyo-2-3.cns...OK
  Loading cmd state entry OrochiKyo.txt...OK
  Loading common states common.st...OK
  Loading sff OrochiKyo.sff...OK
  Loading anim OrochiKyo.air...OK
  Loading snd OrochiKyo.snd...OK
  Loading pals...OK
  19943 expressions (5707 on trigger lines)
Character Orochi_Kyo.def loaded OK
New char Orochi Kyo_MA loaded into cache: (5/6 cached) Load time: 1550.000ms
Resetting round
Match assets initialized OK
Game loop init
Match loop init
End of match loop
Total time: 38.41s
Total frames: 2305 	Skipped frames: 0
Avg game rate: 60.01
Avg frame rate: 60.01

Finishing match
Freeing players
Save persist vars P56 Orochi Kyo_MA
Player Orochi Kyo_MA cache count reduced: 0
Save persist vars P57 Orochi Kyo_MA
Player Orochi Kyo_MA cache count reduced: 0
Match RNG closed
Game loop deinit
Gameflow 3
Gameflow 4
Entering mode select.
Unloading match assets
Freeing players
Unloading stage...OK
Game loop init
Mode select init
End of mode select loop
Game loop deinit
Gameflow 6
Reset persist vars team 0
Reset persist vars team 1
Char Orochi_Kyo.def (0) request pal 6 1 (0) -> reserved 0 (0)
Char Orochi_Kyo.def (8) request pal 11 1 (1) -> reserved 0 (0)
Gameflow 8
Gameflow 9
Gameflow 10
Gameflow 11
Loading match assets...
Loading stage...
  Loading BG...OK
Stage loaded OK
  Allocating helpers...OK
Match RNG seed: 1271461052
Reset persist vars team 0
Reset persist vars team 1
Player Orochi Kyo_MA cache count increased: 1
Loading character chars/Orochi_Kyo/Orochi_Kyo.def...
  Loading info...Info: Orochi Kyo loading in pre-1.0 compatible mode
OK
  Loading cmd command set OrochiKyo.txt...OK
  Loading cns OrochiKyo.cns...OK
  Loading cns OrochiKyo-S.cns...OK
  Loading cns OrochiKyo-H.cns...OK
  Loading cns OrochiKyo-2-3.cns...OK
  Loading cmd state entry OrochiKyo.txt...OK
  Loading common states common.st...OK
  Loading sff OrochiKyo.sff...OK
  Loading anim OrochiKyo.air...OK
  Loading snd OrochiKyo.snd...OK
  Loading pals...OK
  19943 expressions (5707 on trigger lines)
Character Orochi_Kyo.def loaded OK
New char Orochi Kyo_MA loaded into cache: (6/6 cached) Load time: 1900.000ms
Resetting round
Match assets initialized OK
Game loop init
Match loop init
End of match loop
Total time: 38.40s
Total frames: 2305 	Skipped frames: 0
Avg game rate: 60.03
Avg frame rate: 60.03

Finishing match
Freeing players
Save persist vars P56 Orochi Kyo_MA
Player Orochi Kyo_MA cache count reduced: 0
Save persist vars P57 Orochi Kyo_MA
Player Orochi Kyo_MA cache count reduced: 0
Match RNG closed
Game loop deinit
Gameflow 3
Playing storyboard M3 Intro/Intro.def: scene
Unloading match assets
Freeing players
Unloading stage...OK
Game loop init
Game loop deinit
Finished playing storyboard M3 Intro/Intro.def: scene
Gameflow 4
Entering mode select.
Unloading match assets
Freeing players
Game loop init
Mode select init
End of mode select loop
Game loop deinit
Gameflow 6
Reset persist vars team 0
Reset persist vars team 1
Char Orochi_Kyo.def (11) request pal 9 1 (0) -> reserved 0 (0)
Char Orochi_Kyo.def (4) request pal 4 1 (1) -> reserved 0 (0)
Gameflow 8
Gameflow 9
Gameflow 10
Gameflow 11
Loading match assets...
Loading stage...
  Loading BG...OK
Stage loaded OK
  Allocating helpers...OK
Match RNG seed: 375420054
Reset persist vars team 0
Reset persist vars team 1
Player Orochi Kyo_MA cache count increased: 1
Player Orochi Kyo_MA purged from cache: 0
Freeing player RC Orochi Kyo_MA...CMD...CNS...SFF...AIR...SND...Misc...OK
Loading character chars/Orochi_Kyo/Orochi_Kyo.def...
  Loading info...Info: Orochi Kyo loading in pre-1.0 compatible mode
OK
  Loading cmd command set OrochiKyo.txt...OK
  Loading cns OrochiKyo.cns...OK
  Loading cns OrochiKyo-S.cns...OK
  Loading cns OrochiKyo-H.cns...OK
  Loading cns OrochiKyo-2-3.cns...OK
  Loading cmd state entry OrochiKyo.txt...OK
  Loading common states common.st...OK
  Loading sff OrochiKyo.sff...OK
  Loading anim OrochiKyo.air...OK
  Loading snd OrochiKyo.snd...OK
  Loading pals...OK
  19943 expressions (5707 on trigger lines)
Character Orochi_Kyo.def loaded OK
New char Orochi Kyo_MA loaded into cache: (6/6 cached) Load time: 1090.000ms
Resetting round
Match assets initialized OK
Game loop init
Match loop init
End of match loop
Total time: 38.40s
Total frames: 2305 	Skipped frames: 0
Avg game rate: 60.03
Avg frame rate: 60.03

Finishing match
Freeing players
Save persist vars P56 Orochi Kyo_MA
Player Orochi Kyo_MA cache count reduced: 0
Save persist vars P57 Orochi Kyo_MA
Player Orochi Kyo_MA cache count reduced: 0
Match RNG closed
Game loop deinit
Gameflow 3
Gameflow 4
Entering mode select.
Unloading match assets
Freeing players
Unloading stage...OK
Game loop init
Mode select init
End of mode select loop
Game loop deinit
Gameflow 6
Reset persist vars team 0
Reset persist vars team 1
Char Orochi_Kyo.def (1) request pal 8 1 (1) -> reserved 0 (0)
Char Orochi_Kyo.def (3) request pal 6 1 (1) -> reserved 0 (0)
Gameflow 8
Gameflow 9
Gameflow 10
Gameflow 11
Loading match assets...
Loading stage...
  Loading BG...OK
Stage loaded OK
  Allocating helpers...OK
Match RNG seed: 721830574
Reset persist vars team 0
Reset persist vars team 1
Player Orochi Kyo_MA purged from cache: 1
Freeing player RC Orochi Kyo_MA...CMD...CNS...SFF...AIR...SND...Misc...OK
Loading character chars/Orochi_Kyo/Orochi_Kyo.def...
  Loading info...Info: Orochi Kyo loading in pre-1.0 compatible mode
OK
  Loading cmd command set OrochiKyo.txt...OK
  Loading cns OrochiKyo.cns...OK
  Loading cns OrochiKyo-S.cns...OK
  Loading cns OrochiKyo-H.cns...OK
  Loading cns OrochiKyo-2-3.cns...OK
  Loading cmd state entry OrochiKyo.txt...OK
  Loading common states common.st...OK
  Loading sff OrochiKyo.sff...OK
  Loading anim OrochiKyo.air...OK
  Loading snd OrochiKyo.snd...OK
  Loading pals...OK
  19943 expressions (5707 on trigger lines)
Character Orochi_Kyo.def loaded OK
New char Orochi Kyo_MA loaded into cache: (6/6 cached) Load time: 1160.000ms
Player Orochi Kyo_MA purged from cache: 3
Freeing player RC Orochi Kyo_MA...CMD...CNS...SFF...AIR...SND...Misc...OK
Loading character chars/Orochi_Kyo/Orochi_Kyo.def...
  Loading info...Info: Orochi Kyo loading in pre-1.0 compatible mode
OK
  Loading cmd command set OrochiKyo.txt...OK
  Loading cns OrochiKyo.cns...OK
  Loading cns OrochiKyo-S.cns...OK
  Loading cns OrochiKyo-H.cns...OK
  Loading cns OrochiKyo-2-3.cns...OK
  Loading cmd state entry OrochiKyo.txt...OK
  Loading common states common.st...OK
  Loading sff OrochiKyo.sff...OK
  Loading anim OrochiKyo.air...OK
  Loading snd OrochiKyo.snd...OK
  Loading pals...OK
  19943 expressions (5707 on trigger lines)
Character Orochi_Kyo.def loaded OK
New char Orochi Kyo_MA loaded into cache: (6/6 cached) Load time: 1440.000ms
Resetting round
Match assets initialized OK
Game loop init
Match loop init
End of match loop
Total time: 38.40s
Total frames: 2305 	Skipped frames: 0
Avg game rate: 60.03
Avg frame rate: 60.03

Finishing match
Freeing players
Save persist vars P56 Orochi Kyo_MA
Player Orochi Kyo_MA cache count reduced: 0
Save persist vars P57 Orochi Kyo_MA
Player Orochi Kyo_MA cache count reduced: 0
Match RNG closed
Game loop deinit
Gameflow 3
Playing storyboard M3 Intro/Intro.def: scene
Unloading match assets
Freeing players
Unloading stage...OK
Game loop init
Game loop deinit
Finished playing storyboard M3 Intro/Intro.def: scene
Gameflow 4
Entering mode select.
Unloading match assets
Freeing players
Game loop init
Mode select init
End of mode select loop
Game loop deinit
Gameflow 6
Reset persist vars team 0
Reset persist vars team 1
Char Orochi_Kyo.def (0) request pal 9 1 (0) -> reserved 0 (0)
Char Orochi_Kyo.def (7) request pal 1 1 (1) -> reserved 0 (0)
Gameflow 8
Gameflow 9
Gameflow 10
Gameflow 11
Loading match assets...
Loading stage...
  Loading BG...OK
Stage loaded OK
  Allocating helpers...OK
Match RNG seed: 1998919059
Reset persist vars team 0
Reset persist vars team 1
Player Orochi Kyo_MA cache count increased: 1
Player Orochi Kyo_MA purged from cache: 6
Freeing player RC Orochi Kyo_MA...CMD...CNS...SFF...AIR...SND...Misc...OK
Loading character chars/Orochi_Kyo/Orochi_Kyo.def...
  Loading info...Info: Orochi Kyo loading in pre-1.0 compatible mode
OK
  Loading cmd command set OrochiKyo.txt...OK
  Loading cns OrochiKyo.cns...OK
  Loading cns OrochiKyo-S.cns...OK
  Loading cns OrochiKyo-H.cns...OK
  Loading cns OrochiKyo-2-3.cns...OK
  Loading cmd state entry OrochiKyo.txt...OK
  Loading common states common.st...OK
  Loading sff OrochiKyo.sff...OK
  Loading anim OrochiKyo.air...OK
  Loading snd OrochiKyo.snd...OK
  Loading pals...OK
  19943 expressions (5707 on trigger lines)
Character Orochi_Kyo.def loaded OK
New char Orochi Kyo_MA loaded into cache: (6/6 cached) Load time: 1130.000ms
Resetting round
Match assets initialized OK
Game loop init
Match loop init
End of match loop
Total time: 36.32s
Total frames: 2180 	Skipped frames: 0
Avg game rate: 60.02
Avg frame rate: 60.02

Finishing match
Freeing players
Save persist vars P56 Orochi Kyo_MA
Player Orochi Kyo_MA cache count reduced: 0
Save persist vars P57 Orochi Kyo_MA
Player Orochi Kyo_MA cache count reduced: 0
Match RNG closed
Game loop deinit
Gameflow 3
Gameflow 4
Entering mode select.
Unloading match assets
Freeing players
Unloading stage...OK
Game loop init
Mode select init
End of mode select loop
Game loop deinit
Gameflow 6
Reset persist vars team 0
Reset persist vars team 1
Char Orochi_Kyo.def (6) request pal 9 1 (0) -> reserved 0 (0)
Char Orochi_Kyo.def (4) request pal 9 1 (0) -> reserved 0 (0)
Gameflow 8
Gameflow 9
Gameflow 10
Gameflow 11
Loading match assets...
Loading stage...
  Loading BG...OK
Stage loaded OK
  Allocating helpers...OK
Match RNG seed: 1020898347
Reset persist vars team 0
Reset persist vars team 1
Player Orochi Kyo_MA purged from cache: 7
Freeing player RC Orochi Kyo_MA...CMD...CNS...SFF...AIR...SND...Misc...OK
Loading character chars/Orochi_Kyo/Orochi_Kyo.def...
  Loading info...Info: Orochi Kyo loading in pre-1.0 compatible mode
OK
  Loading cmd command set OrochiKyo.txt...OK
  Loading cns OrochiKyo.cns...OK
  Loading cns OrochiKyo-S.cns...OK
  Loading cns OrochiKyo-H.cns...OK
  Loading cns OrochiKyo-2-3.cns...OK
  Loading cmd state entry OrochiKyo.txt...OK
  Loading common states common.st...OK
  Loading sff OrochiKyo.sff...OK
  Loading anim OrochiKyo.air...OK
  Loading snd OrochiKyo.snd...OK
  Loading pals...OK
  19943 expressions (5707 on trigger lines)
Character Orochi_Kyo.def loaded OK
New char Orochi Kyo_MA loaded into cache: (6/6 cached) Load time: 1220.000ms
Player Orochi Kyo_MA cache count increased: 1
Resetting round
Match assets initialized OK
Game loop init
Match loop init
End of match loop
Total time: 38.41s
Total frames: 2305 	Skipped frames: 0
Avg game rate: 60.01
Avg frame rate: 60.01

Finishing match
Freeing players
Save persist vars P56 Orochi Kyo_MA
Player Orochi Kyo_MA cache count reduced: 0
Save persist vars P57 Orochi Kyo_MA
Player Orochi Kyo_MA cache count reduced: 0
Match RNG closed
Game loop deinit
Gameflow 3
Playing storyboard M3 Intro/Intro.def: scene
Unloading match assets
Freeing players
Unloading stage...OK
Game loop init
Game loop deinit
Finished playing storyboard M3 Intro/Intro.def: scene
Gameflow 4
Entering mode select.
Unloading match assets
Freeing players
Game loop init
Mode select init
End of mode select loop
Game loop deinit
Gameflow 6
Reset persist vars team 0
Reset persist vars team 1
Char Orochi_Kyo.def (11) request pal 0 1 (0) -> reserved 0 (0)
Char Orochi_Kyo.def (9) request pal 1 1 (0) -> reserved 0 (0)
Gameflow 8
Gameflow 9
Gameflow 10
Gameflow 11
Loading match assets...
Loading stage...
  Loading BG...OK
Stage loaded OK
  Allocating helpers...OK
Match RNG seed: 351872176
Reset persist vars team 0
Reset persist vars team 1
Player Orochi Kyo_MA purged from cache: 9
Freeing player RC Orochi Kyo_MA...CMD...CNS...SFF...AIR...SND...Misc...OK
Loading character chars/Orochi_Kyo/Orochi_Kyo.def...
  Loading info...Info: Orochi Kyo loading in pre-1.0 compatible mode
OK
  Loading cmd command set OrochiKyo.txt...OK
  Loading cns OrochiKyo.cns...OK
  Loading cns OrochiKyo-S.cns...OK
  Loading cns OrochiKyo-H.cns...OK
  Loading cns OrochiKyo-2-3.cns...OK
  Loading cmd state entry OrochiKyo.txt...OK
  Loading common states common.st...OK
  Loading sff OrochiKyo.sff...OK
  Loading anim OrochiKyo.air...OK
  Loading snd OrochiKyo.snd...OK
  Loading pals...OK
  19943 expressions (5707 on trigger lines)
Character Orochi_Kyo.def loaded OK
New char Orochi Kyo_MA loaded into cache: (6/6 cached) Load time: 1140.000ms
Player Orochi Kyo_MA purged from cache: 10
Freeing player RC Orochi Kyo_MA...CMD...CNS...SFF...AIR...SND...Misc...OK
Loading character chars/Orochi_Kyo/Orochi_Kyo.def...
  Loading info...Info: Orochi Kyo loading in pre-1.0 compatible mode
OK
  Loading cmd command set OrochiKyo.txt...OK
  Loading cns OrochiKyo.cns...OK
  Loading cns OrochiKyo-S.cns...OK
  Loading cns OrochiKyo-H.cns...OK
  Loading cns OrochiKyo-2-3.cns...OK
  Loading cmd state entry OrochiKyo.txt...OK
  Loading common states common.st...OK
  Loading sff OrochiKyo.sff...OK
  Loading anim OrochiKyo.air...OK
  Loading snd OrochiKyo.snd...OK
  Loading pals...OK
  19943 expressions (5707 on trigger lines)
Character Orochi_Kyo.def loaded OK
New char Orochi Kyo_MA loaded into cache: (6/6 cached) Load time: 1230.000ms
Resetting round
Match assets initialized OK
Game loop init
Match loop init
End of match loop
Total time: 38.40s
Total frames: 2305 	Skipped frames: 0
Avg game rate: 60.03
Avg frame rate: 60.03

Finishing match
Freeing players
Save persist vars P56 Orochi Kyo_MA
Player Orochi Kyo_MA cache count reduced: 0
Save persist vars P57 Orochi Kyo_MA
Player Orochi Kyo_MA cache count reduced: 0
Match RNG closed
Game loop deinit
Gameflow 3
Gameflow 4
Entering mode select.
Unloading match assets
Freeing players
Unloading stage...OK
Game loop init
Mode select init
End of mode select loop
Game loop deinit
Gameflow 6
Reset persist vars team 0
Reset persist vars team 1
Char Orochi_Kyo.def (10) request pal 2 1 (1) -> reserved 0 (0)
Char Orochi_Kyo.def (3) request pal 5 1 (0) -> reserved 0 (0)
Gameflow 8
Gameflow 9
Gameflow 10
Gameflow 11
Loading match assets...
Loading stage...
  Loading BG...OK
Stage loaded OK
  Allocating helpers...OK
Match RNG seed: 278089286
Reset persist vars team 0
Reset persist vars team 1
Player Orochi Kyo_MA purged from cache: 11
Freeing player RC Orochi Kyo_MA...CMD...CNS...SFF...AIR...SND...Misc...OK
Loading character chars/Orochi_Kyo/Orochi_Kyo.def...
  Loading info...Info: Orochi Kyo loading in pre-1.0 compatible mode
OK
  Loading cmd command set OrochiKyo.txt...OK
  Loading cns OrochiKyo.cns...OK
  Loading cns OrochiKyo-S.cns...OK
  Loading cns OrochiKyo-H.cns...OK
  Loading cns OrochiKyo-2-3.cns...OK
  Loading cmd state entry OrochiKyo.txt...OK
  Loading common states common.st...OK
  Loading sff OrochiKyo.sff...OK
  Loading anim OrochiKyo.air...OK
  Loading snd OrochiKyo.snd...OK
  Loading pals...OK
  19943 expressions (5707 on trigger lines)
Character Orochi_Kyo.def loaded OK
New char Orochi Kyo_MA loaded into cache: (6/6 cached) Load time: 1240.000ms
Player Orochi Kyo_MA purged from cache: 12
Freeing player RC Orochi Kyo_MA...CMD...CNS...SFF...AIR...SND...Misc...OK
Loading character chars/Orochi_Kyo/Orochi_Kyo.def...
  Loading info...Info: Orochi Kyo loading in pre-1.0 compatible mode
OK
  Loading cmd command set OrochiKyo.txt...OK
  Loading cns OrochiKyo.cns...OK
  Loading cns OrochiKyo-S.cns...OK
  Loading cns OrochiKyo-H.cns...OK
  Loading cns OrochiKyo-2-3.cns...OK
  Loading cmd state entry OrochiKyo.txt...OK
  Loading common states common.st...OK
  Loading sff OrochiKyo.sff...OK
  Loading anim OrochiKyo.air...OK
  Loading snd OrochiKyo.snd...OK
  Loading pals...OK
  19943 expressions (5707 on trigger lines)
Character Orochi_Kyo.def loaded OK
New char Orochi Kyo_MA loaded into cache: (6/6 cached) Load time: 1290.000ms
Resetting round
Match assets initialized OK
Game loop init
Match loop init
End of match loop
Total time: 38.40s
Total frames: 2305 	Skipped frames: 0
Avg game rate: 60.03
Avg frame rate: 60.03

Finishing match
Freeing players
Save persist vars P56 Orochi Kyo_MA
Player Orochi Kyo_MA cache count reduced: 0
Save persist vars P57 Orochi Kyo_MA
Player Orochi Kyo_MA cache count reduced: 0
Match RNG closed
Game loop deinit
Gameflow 3
Playing storyboard M3 Intro/Intro.def: scene
Unloading match assets
Freeing players
Unloading stage...OK
Game loop init
Game loop deinit
Finished playing storyboard M3 Intro/Intro.def: scene
Gameflow 4
Entering mode select.
Unloading match assets
Freeing players
Game loop init
Mode select init
End of mode select loop
Game loop deinit
Gameflow 6
Reset persist vars team 0
Reset persist vars team 1
Char Orochi_Kyo.def (3) request pal 10 1 (0) -> reserved 0 (0)
Char Orochi_Kyo.def (4) request pal 5 1 (0) -> reserved 0 (0)
Gameflow 8
Gameflow 9
Gameflow 10
Gameflow 11
Loading match assets...
Loading stage...
  Loading BG...OK
Stage loaded OK
  Allocating helpers...OK
Match RNG seed: 1224410180
Reset persist vars team 0
Reset persist vars team 1
Player Orochi Kyo_MA cache count increased: 1
Player Orochi Kyo_MA cache count increased: 1
Resetting round
Match assets initialized OK
Game loop init
Match loop init
End of match loop
Total time: 36.31s
Total frames: 2180 	Skipped frames: 0
Avg game rate: 60.04
Avg frame rate: 60.04

Finishing match
Freeing players
Save persist vars P56 Orochi Kyo_MA
Player Orochi Kyo_MA cache count reduced: 0
Save persist vars P57 Orochi Kyo_MA
Player Orochi Kyo_MA cache count reduced: 0
Match RNG closed
Game loop deinit
Gameflow 3
Gameflow 4
Entering mode select.
Unloading match assets
Freeing players
Unloading stage...OK
Game loop init
Mode select init
End of mode select loop
Game loop deinit
Gameflow 6
Reset persist vars team 0
Reset persist vars team 1
Char Orochi_Kyo.def (7) request pal 1 1 (0) -> reserved 0 (0)
Char Orochi_Kyo.def (10) request pal 4 1 (0) -> reserved 0 (0)
Gameflow 8
Gameflow 9
Gameflow 10
Gameflow 11
Loading match assets...
Loading stage...
  Loading BG...OK
Stage loaded OK
  Allocating helpers...OK
Match RNG seed: 1128870857
Reset persist vars team 0
Reset persist vars team 1
Player Orochi Kyo_MA purged from cache: 13
Freeing player RC Orochi Kyo_MA...CMD...CNS...SFF...AIR...SND...Misc...OK
Loading character chars/Orochi_Kyo/Orochi_Kyo.def...
  Loading info...Info: Orochi Kyo loading in pre-1.0 compatible mode
OK
  Loading cmd command set OrochiKyo.txt...OK
  Loading cns OrochiKyo.cns...OK
  Loading cns OrochiKyo-S.cns...OK
  Loading cns OrochiKyo-H.cns...OK
  Loading cns OrochiKyo-2-3.cns...OK
  Loading cmd state entry OrochiKyo.txt...OK
  Loading common states common.st...OK
  Loading sff OrochiKyo.sff...OK
  Loading anim OrochiKyo.air...OK
  Loading snd OrochiKyo.snd...OK
  Loading pals...OK
  19943 expressions (5707 on trigger lines)
Character Orochi_Kyo.def loaded OK
New char Orochi Kyo_MA loaded into cache: (6/6 cached) Load time: 1150.000ms
Player Orochi Kyo_MA cache count increased: 1
Resetting round
Match assets initialized OK
Game loop init
Match loop init
End of match loop
Total time: 36.32s
Total frames: 2180 	Skipped frames: 0
Avg game rate: 60.02
Avg frame rate: 60.02

Finishing match
Freeing players
Save persist vars P56 Orochi Kyo_MA
Player Orochi Kyo_MA cache count reduced: 0
Save persist vars P57 Orochi Kyo_MA
Player Orochi Kyo_MA cache count reduced: 0
Match RNG closed
Game loop deinit
Gameflow 3
Playing storyboard M3 Intro/Intro.def: scene
Unloading match assets
Freeing players
Unloading stage...OK
Game loop init
Game loop deinit
Finished playing storyboard M3 Intro/Intro.def: scene
Gameflow 4
Entering mode select.
Unloading match assets
Freeing players
Game loop init
Mode select init
End of mode select loop
Game loop deinit
Gameflow 6
Reset persist vars team 0
Reset persist vars team 1
Char Orochi_Kyo.def (2) request pal 11 1 (1) -> reserved 0 (0)
Char Orochi_Kyo.def (2) request pal 11 1 (0) -> reserved 0 (0)
Gameflow 8
Gameflow 9
Gameflow 10
Gameflow 11
Loading match assets...
Loading stage...
  Loading BG...OK
Stage loaded OK
  Allocating helpers...OK
Match RNG seed: 213148165
Reset persist vars team 0
Reset persist vars team 1
Player Orochi Kyo_MA purged from cache: 15
Freeing player RC Orochi Kyo_MA...CMD...CNS...SFF...AIR...SND...Misc...OK
Loading character chars/Orochi_Kyo/Orochi_Kyo.def...
  Loading info...Info: Orochi Kyo loading in pre-1.0 compatible mode
OK
  Loading cmd command set OrochiKyo.txt...OK
  Loading cns OrochiKyo.cns...OK
  Loading cns OrochiKyo-S.cns...OK
  Loading cns OrochiKyo-H.cns...OK
  Loading cns OrochiKyo-2-3.cns...OK
  Loading cmd state entry OrochiKyo.txt...OK
  Loading common states common.st...OK
  Loading sff OrochiKyo.sff...OK
  Loading anim OrochiKyo.air...OK
  Loading snd OrochiKyo.snd...OK
  Loading pals...OK
  19943 expressions (5707 on trigger lines)
Character Orochi_Kyo.def loaded OK
New char Orochi Kyo_MA loaded into cache: (6/6 cached) Load time: 1240.000ms
Player Orochi Kyo_MA cache count increased: 2
Resetting round
Match assets initialized OK
Game loop init
Match loop init
End of match loop
Total time: 36.33s
Total frames: 2180 	Skipped frames: 2
Avg game rate: 60.01
Avg frame rate: 59.95

Finishing match
Freeing players
Save persist vars P56 Orochi Kyo_MA
Player Orochi Kyo_MA cache count reduced: 1
Save persist vars P57 Orochi Kyo_MA
Player Orochi Kyo_MA cache count reduced: 0
Match RNG closed
Game loop deinit
Gameflow 3
Gameflow 4
Entering mode select.
Unloading match assets
Freeing players
Unloading stage...OK
Game loop init
Mode select init
End of mode select loop
Game loop deinit
Gameflow 6
Reset persist vars team 0
Reset persist vars team 1
Char Orochi_Kyo.def (0) request pal 2 1 (0) -> reserved 0 (0)
Char Orochi_Kyo.def (7) request pal 9 1 (0) -> reserved 0 (0)
Gameflow 8
Gameflow 9
Gameflow 10
Gameflow 11
Loading match assets...
Loading stage...
  Loading BG...OK
Stage loaded OK
  Allocating helpers...OK
Match RNG seed: 1195646653
Reset persist vars team 0
Reset persist vars team 1
Player Orochi Kyo_MA purged from cache: 16
Freeing player RC Orochi Kyo_MA...CMD...CNS...SFF...AIR...SND...Misc...OK
Loading character chars/Orochi_Kyo/Orochi_Kyo.def...
  Loading info...Info: Orochi Kyo loading in pre-1.0 compatible mode
OK
  Loading cmd command set OrochiKyo.txt...OK
  Loading cns OrochiKyo.cns...OK
  Loading cns OrochiKyo-S.cns...OK
  Loading cns OrochiKyo-H.cns...OK
  Loading cns OrochiKyo-2-3.cns...OK
  Loading cmd state entry OrochiKyo.txt...OK
  Loading common states common.st...OK
  Loading sff OrochiKyo.sff...OK
  Loading anim OrochiKyo.air...OK
  Loading snd OrochiKyo.snd...OK
  Loading pals...OK
  19943 expressions (5707 on trigger lines)
Character Orochi_Kyo.def loaded OK
New char Orochi Kyo_MA loaded into cache: (6/6 cached) Load time: 1390.000ms
Player Orochi Kyo_MA cache count increased: 1
Resetting round
Match assets initialized OK
Game loop init
Match loop init
End of match loop
Total time: 38.41s
Total frames: 2305 	Skipped frames: 0
Avg game rate: 60.01
Avg frame rate: 60.01

Finishing match
Freeing players
Save persist vars P56 Orochi Kyo_MA
Player Orochi Kyo_MA cache count reduced: 0
Save persist vars P57 Orochi Kyo_MA
Player Orochi Kyo_MA cache count reduced: 0
Match RNG closed
Game loop deinit
Gameflow 3
Playing storyboard M3 Intro/Intro.def: scene
Unloading match assets
Freeing players
Unloading stage...OK
Game loop init
Game loop deinit
Finished playing storyboard M3 Intro/Intro.def: scene
Gameflow 4
Entering mode select.
Unloading match assets
Freeing players
Game loop init
Mode select init
End of mode select loop
Game loop deinit
Gameflow 6
Reset persist vars team 0
Reset persist vars team 1
Char Orochi_Kyo.def (9) request pal 4 1 (0) -> reserved 0 (0)
Char Orochi_Kyo.def (1) request pal 6 1 (0) -> reserved 0 (0)
Gameflow 8
Gameflow 9
Gameflow 10
Gameflow 11
Loading match assets...
Loading stage...
  Loading BG...OK
Stage loaded OK
  Allocating helpers...OK
Match RNG seed: 124179099
Reset persist vars team 0
Reset persist vars team 1
Player Orochi Kyo_MA purged from cache: 19
Freeing player RC Orochi Kyo_MA...CMD...CNS...SFF...AIR...SND...Misc...OK
Loading character chars/Orochi_Kyo/Orochi_Kyo.def...
  Loading info...Info: Orochi Kyo loading in pre-1.0 compatible mode
OK
  Loading cmd command set OrochiKyo.txt...OK
  Loading cns OrochiKyo.cns...OK
  Loading cns OrochiKyo-S.cns...OK
  Loading cns OrochiKyo-H.cns...OK
  Loading cns OrochiKyo-2-3.cns...OK
  Loading cmd state entry OrochiKyo.txt...OK
  Loading common states common.st...OK
  Loading sff OrochiKyo.sff...OK
  Loading anim OrochiKyo.air...OK
  Loading snd OrochiKyo.snd...OK
  Loading pals...OK
  19943 expressions (5707 on trigger lines)
Character Orochi_Kyo.def loaded OK
New char Orochi Kyo_MA loaded into cache: (6/6 cached) Load time: 1140.000ms
Player Orochi Kyo_MA purged from cache: 20
Freeing player RC Orochi Kyo_MA...CMD...CNS...SFF...AIR...SND...Misc...OK
Loading character chars/Orochi_Kyo/Orochi_Kyo.def...
  Loading info...Info: Orochi Kyo loading in pre-1.0 compatible mode
OK
  Loading cmd command set OrochiKyo.txt...OK
  Loading cns OrochiKyo.cns...OK
  Loading cns OrochiKyo-S.cns...OK
  Loading cns OrochiKyo-H.cns...OK
  Loading cns OrochiKyo-2-3.cns...OK
  Loading cmd state entry OrochiKyo.txt...OK
  Loading common states common.st...OK
  Loading sff OrochiKyo.sff...OK
  Loading anim OrochiKyo.air...OK
  Loading snd OrochiKyo.snd...OK
  Loading pals...OK
  19943 expressions (5707 on trigger lines)
Character Orochi_Kyo.def loaded OK
New char Orochi Kyo_MA loaded into cache: (6/6 cached) Load time: 1140.000ms
Resetting round
Match assets initialized OK
Game loop init
Match loop init
End of match loop
Total time: 38.40s
Total frames: 2305 	Skipped frames: 0
Avg game rate: 60.03
Avg frame rate: 60.03

Finishing match
Freeing players
Save persist vars P56 Orochi Kyo_MA
Player Orochi Kyo_MA cache count reduced: 0
Save persist vars P57 Orochi Kyo_MA
Player Orochi Kyo_MA cache count reduced: 0
Match RNG closed
Game loop deinit
Gameflow 3
Gameflow 4
Entering mode select.
Unloading match assets
Freeing players
Unloading stage...OK
Game loop init
Mode select init
End of mode select loop
Game loop deinit
Gameflow 6
Reset persist vars team 0
Reset persist vars team 1
Char Orochi_Kyo.def (9) request pal 9 1 (0) -> reserved 0 (0)
Char Orochi_Kyo.def (5) request pal 11 1 (0) -> reserved 0 (0)
Gameflow 8
Gameflow 9
Gameflow 10
Gameflow 11
Loading match assets...
Loading stage...
  Loading BG...OK
Stage loaded OK
  Allocating helpers...OK
Match RNG seed: 551981019
Reset persist vars team 0
Reset persist vars team 1
Player Orochi Kyo_MA cache count increased: 1
Player Orochi Kyo_MA purged from cache: 22
Freeing player RC Orochi Kyo_MA...CMD...CNS...SFF...AIR...SND...Misc...OK
Loading character chars/Orochi_Kyo/Orochi_Kyo.def...
  Loading info...Info: Orochi Kyo loading in pre-1.0 compatible mode
OK
  Loading cmd command set OrochiKyo.txt...OK
  Loading cns OrochiKyo.cns...OK
  Loading cns OrochiKyo-S.cns...OK
  Loading cns OrochiKyo-H.cns...OK
  Loading cns OrochiKyo-2-3.cns...OK
  Loading cmd state entry OrochiKyo.txt...OK
  Loading common states common.st...OK
  Loading sff OrochiKyo.sff...OK
  Loading anim OrochiKyo.air...OK
  Loading snd OrochiKyo.snd...OK
  Loading pals...OK
  19943 expressions (5707 on trigger lines)
Character Orochi_Kyo.def loaded OK
New char Orochi Kyo_MA loaded into cache: (6/6 cached) Load time: 1210.000ms
Resetting round
Match assets initialized OK
Game loop init
Match loop init
End of match loop
Total time: 36.32s
Total frames: 2180 	Skipped frames: 0
Avg game rate: 60.02
Avg frame rate: 60.02

Finishing match
Freeing players
Save persist vars P56 Orochi Kyo_MA
Player Orochi Kyo_MA cache count reduced: 0
Save persist vars P57 Orochi Kyo_MA
Player Orochi Kyo_MA cache count reduced: 0
Match RNG closed
Game loop deinit
Gameflow 3
Playing storyboard M3 Intro/Intro.def: scene
Unloading match assets
Freeing players
Unloading stage...OK
Game loop init
Game loop deinit
Finished playing storyboard M3 Intro/Intro.def: scene
Gameflow 4
Entering mode select.
Unloading match assets
Freeing players
Game loop init
Mode select init
End of mode select loop
Game loop deinit
Gameflow 6
Reset persist vars team 0
Reset persist vars team 1
Char Orochi_Kyo.def (2) request pal 0 1 (0) -> reserved 0 (0)
Char Orochi_Kyo.def (4) request pal 10 1 (0) -> reserved 0 (0)
Gameflow 8
Gameflow 9
Gameflow 10
Gameflow 11
Loading match assets...
Loading stage...
  Loading BG...OK
Stage loaded OK
  Allocating helpers...OK
Match RNG seed: 1223702739
Reset persist vars team 0
Reset persist vars team 1
Player Orochi Kyo_MA cache count increased: 1
Player Orochi Kyo_MA purged from cache: 24
Freeing player RC Orochi Kyo_MA...CMD...CNS...SFF...AIR...SND...Misc...OK
Loading character chars/Orochi_Kyo/Orochi_Kyo.def...
  Loading info...Info: Orochi Kyo loading in pre-1.0 compatible mode
OK
  Loading cmd command set OrochiKyo.txt...OK
  Loading cns OrochiKyo.cns...OK
  Loading cns OrochiKyo-S.cns...OK
  Loading cns OrochiKyo-H.cns...OK
  Loading cns OrochiKyo-2-3.cns...OK
  Loading cmd state entry OrochiKyo.txt...OK
  Loading common states common.st...OK
  Loading sff OrochiKyo.sff...OK
  Loading anim OrochiKyo.air...OK
  Loading snd OrochiKyo.snd...OK
  Loading pals...OK
  19943 expressions (5707 on trigger lines)
Character Orochi_Kyo.def loaded OK
New char Orochi Kyo_MA loaded into cache: (6/6 cached) Load time: 1130.000ms
Resetting round
Match assets initialized OK
Game loop init
Match loop init
End of match loop
Total time: 38.40s
Total frames: 2305 	Skipped frames: 0
Avg game rate: 60.03
Avg frame rate: 60.03

Finishing match
Freeing players
Save persist vars P56 Orochi Kyo_MA
Player Orochi Kyo_MA cache count reduced: 0
Save persist vars P57 Orochi Kyo_MA
Player Orochi Kyo_MA cache count reduced: 0
Match RNG closed
Game loop deinit
Gameflow 3
Gameflow 4
Entering mode select.
Unloading match assets
Freeing players
Unloading stage...OK
Game loop init
Mode select init
End of mode select loop
Game loop deinit
Gameflow 6
Reset persist vars team 0
Reset persist vars team 1
Char Orochi_Kyo.def (7) request pal 9 1 (0) -> reserved 0 (0)
Char Orochi_Kyo.def (3) request pal 6 1 (0) -> reserved 0 (0)
Gameflow 8
Gameflow 9
Gameflow 10
Gameflow 11
Loading match assets...
Loading stage...
  Loading BG...OK
Stage loaded OK
  Allocating helpers...OK
Match RNG seed: 1760799852
Reset persist vars team 0
Reset persist vars team 1
Player Orochi Kyo_MA cache count increased: 1
Player Orochi Kyo_MA purged from cache: 27
Freeing player RC Orochi Kyo_MA...CMD...CNS...SFF...AIR...SND...Misc...OK
Loading character chars/Orochi_Kyo/Orochi_Kyo.def...
  Loading info...Info: Orochi Kyo loading in pre-1.0 compatible mode
OK
  Loading cmd command set OrochiKyo.txt...OK
  Loading cns OrochiKyo.cns...OK
  Loading cns OrochiKyo-S.cns...OK
  Loading cns OrochiKyo-H.cns...OK
  Loading cns OrochiKyo-2-3.cns...OK
  Loading cmd state entry OrochiKyo.txt...OK
  Loading common states common.st...OK
  Loading sff OrochiKyo.sff...OK
  Loading anim OrochiKyo.air...OK
  Loading snd OrochiKyo.snd...OK
  Loading pals...OK
  19943 expressions (5707 on trigger lines)
Character Orochi_Kyo.def loaded OK
New char Orochi Kyo_MA loaded into cache: (6/6 cached) Load time: 1110.000ms
Resetting round
Match assets initialized OK
Game loop init
Match loop init
End of match loop
Total time: 38.40s
Total frames: 2305 	Skipped frames: 0
Avg game rate: 60.03
Avg frame rate: 60.03

Finishing match
Freeing players
Save persist vars P56 Orochi Kyo_MA
Player Orochi Kyo_MA cache count reduced: 0
Save persist vars P57 Orochi Kyo_MA
Player Orochi Kyo_MA cache count reduced: 0
Match RNG closed
Game loop deinit
Gameflow 3
Playing storyboard M3 Intro/Intro.def: scene
Unloading match assets
Freeing players
Unloading stage...OK
Game loop init
Game loop deinit
Finished playing storyboard M3 Intro/Intro.def: scene
Gameflow 4
Entering mode select.
Unloading match assets
Freeing players
Game loop init
Mode select init
End of mode select loop
Game loop deinit
Gameflow 6
Reset persist vars team 0
Reset persist vars team 1
Gameflow 7
Entering character select.
Unloading match assets
Freeing players
Game loop init
Unreserved all palettes
Charsel init
Game loop deinit
Canceled character select.
Gameflow 4
Entering mode select.
Unloading match assets
Freeing players
Game loop init
Mode select init
End of mode select loop
Game loop deinit
Gameflow 6
Reset persist vars team 0
Reset persist vars team 1
Gameflow 7
Entering character select.
Unloading match assets
Freeing players
Game loop init
Unreserved all palettes
Charsel init
Game loop deinit
Canceled character select.
Gameflow 4
Entering mode select.
Unloading match assets
Freeing players
Game loop init
Mode select init
End of mode select loop
Game loop deinit
Gameflow 6
Reset persist vars team 0
Reset persist vars team 1
Gameflow 7
Entering character select.
Unloading match assets
Freeing players
Game loop init
Unreserved all palettes
Charsel init
Game loop deinit
Canceled character select.
Gameflow 4
Entering mode select.
Unloading match assets
Freeing players
Game loop init
Mode select init
End of mode select loop
Game loop deinit
Returned from gameflow loop
Deinitializing...
Frames      : 126948
Time elapsed: 2172.990 sec
ticks: 217299, tps: 100, start 2532, end 219831

Unloading match assets
Freeing players
Clearing player cache...Freeing player RC Orochi Kyo_MA...CMD...CNS...SFF...AIR...SND...Misc...OK
Freeing player RC Orochi Kyo_MA...CMD...CNS...SFF...AIR...SND...Misc...OK
Freeing player RC Orochi Kyo_MA...CMD...CNS...SFF...AIR...SND...Misc...OK
Freeing player RC Orochi Kyo_MA...CMD...CNS...SFF...AIR...SND...Misc...OK
Freeing player RC Orochi Kyo_MA...CMD...CNS...SFF...AIR...SND...Misc...OK
Freeing player RC Orochi Kyo_MA...CMD...CNS...SFF...AIR...SND...Misc...OK
OK
Freeing character info...OK
Freeing select screen...OK
Freeing fight data...OK
Freeing system data...OK
Freeing game variables...Unloading match assets
Freeing players
OK
Deinitializing input...pad...keyboard...OK
Removing callbacks...OK
Deintializing timer...OK
Deinitializing graphics...OK
Deinitializing BGM...OK
Deinitializing sound...OK
Successful program termination.

Log file successfully closed.
